2026-04-21 04:26:58 [32minfo[39m: 	Successfully connected to database mongodb://bioai_app:bioai_mongodb_pass@mongodb:27017/bioai?authSource=admin
2026-04-21 04:26:58 [32minfo[39m: 	Successfully connected to database mongodb://bioai_app:bioai_mongodb_pass@mongodb:27017/bioai?authSource=admin
2026-04-21 04:26:58 [32minfo[39m: 	HTTP production server up and running on port 5000 !
2026-04-21 04:26:58 [32minfo[39m: 	Successfully connected to database mongodb://bioai_app:bioai_mongodb_pass@mongodb:27017/bioai?authSource=admin
2026-04-21 04:26:58 [32minfo[39m: 	HTTP production server up and running on port 5000 !
2026-04-21 04:26:58 [32minfo[39m: 	Successfully connected to database mongodb://bioai_app:bioai_mongodb_pass@mongodb:27017/bioai?authSource=admin
2026-04-21 04:26:58 [32minfo[39m: 	HTTP production server up and running on port 5000 !
2026-04-21 04:26:58 [32minfo[39m: 	HTTP production server up and running on port 5000 !
2026-04-21 04:26:59 [32minfo[39m: 	Successfully connected to database mongodb://bioai_app:bioai_mongodb_pass@mongodb:27017/bioai?authSource=admin
2026-04-21 04:26:59 [32minfo[39m: 	HTTP CRON server up and running on port 5555 !
2026-04-21 04:26:59 [32minfo[39m: 	Successfully connected to database mongodb://bioai_app:bioai_mongodb_pass@mongodb:27017/bioai?authSource=admin
2026-04-21 04:26:59 [32minfo[39m: 	HTTP production server up and running on port 5000 !
2026-04-21 04:26:59 [32minfo[39m: 	Successfully connected to database mongodb://bioai_app:bioai_mongodb_pass@mongodb:27017/bioai?authSource=admin
2026-04-21 04:26:59 [32minfo[39m: 	HTTP production server up and running on port 5000 !
2026-04-21 04:27:01 [32minfo[39m: 	Successfully connected to database mongodb://bioai_app:bioai_mongodb_pass@mongodb:27017/bioai?authSource=admin
2026-04-21 04:27:01 [32minfo[39m: 	HTTP production server up and running on port 5000 !
2026-04-21 04:27:01 [32minfo[39m: 	Successfully connected to database mongodb://bioai_app:bioai_mongodb_pass@mongodb:27017/bioai?authSource=admin
2026-04-21 04:27:01 [32minfo[39m: 	HTTP production server up and running on port 5000 !
2026-04-21 22:22:38 [32minfo[39m: 	Successfully connected to database mongodb://bioai_app:bioai_mongodb_pass@mongodb:27017/bioai?authSource=admin
2026-04-21 22:22:38 [32minfo[39m: 	Successfully connected to database mongodb://bioai_app:bioai_mongodb_pass@mongodb:27017/bioai?authSource=admin
2026-04-21 22:22:38 [32minfo[39m: 	Successfully connected to database mongodb://bioai_app:bioai_mongodb_pass@mongodb:27017/bioai?authSource=admin
2026-04-21 22:22:38 [32minfo[39m: 	Successfully connected to database mongodb://bioai_app:bioai_mongodb_pass@mongodb:27017/bioai?authSource=admin
2026-04-21 22:22:38 [32minfo[39m: 	HTTP production server up and running on port 5000 !
2026-04-21 22:22:38 [32minfo[39m: 	HTTP production server up and running on port 5000 !
2026-04-21 22:22:38 [32minfo[39m: 	HTTP production server up and running on port 5000 !
2026-04-21 22:22:38 [32minfo[39m: 	HTTP production server up and running on port 5000 !
2026-04-21 22:22:39 [32minfo[39m: 	Successfully connected to database mongodb://bioai_app:bioai_mongodb_pass@mongodb:27017/bioai?authSource=admin
2026-04-21 22:22:39 [32minfo[39m: 	HTTP CRON server up and running on port 5555 !
2026-04-21 22:22:39 [32minfo[39m: 	Successfully connected to database mongodb://bioai_app:bioai_mongodb_pass@mongodb:27017/bioai?authSource=admin
2026-04-21 22:22:39 [32minfo[39m: 	HTTP production server up and running on port 5000 !
2026-04-21 22:22:39 [32minfo[39m: 	Successfully connected to database mongodb://bioai_app:bioai_mongodb_pass@mongodb:27017/bioai?authSource=admin
2026-04-21 22:22:39 [32minfo[39m: 	HTTP production server up and running on port 5000 !
2026-04-21 22:22:41 [32minfo[39m: 	Successfully connected to database mongodb://bioai_app:bioai_mongodb_pass@mongodb:27017/bioai?authSource=admin
2026-04-21 22:22:41 [32minfo[39m: 	HTTP production server up and running on port 5000 !
2026-04-21 22:22:42 [32minfo[39m: 	Successfully connected to database mongodb://bioai_app:bioai_mongodb_pass@mongodb:27017/bioai?authSource=admin
2026-04-21 22:22:42 [32minfo[39m: 	HTTP production server up and running on port 5000 !
2026-04-21 22:29:33 [32minfo[39m: 	Successfully connected to database mongodb://bioai_app:bioai_mongodb_pass@mongodb:27017/bioai?authSource=admin
2026-04-21 22:29:33 [32minfo[39m: 	HTTP production server up and running on port 5000 !
2026-04-21 22:29:33 [32minfo[39m: 	Successfully connected to database mongodb://bioai_app:bioai_mongodb_pass@mongodb:27017/bioai?authSource=admin
2026-04-21 22:29:33 [32minfo[39m: 	HTTP production server up and running on port 5000 !
2026-04-21 22:29:34 [32minfo[39m: 	Successfully connected to database mongodb://bioai_app:bioai_mongodb_pass@mongodb:27017/bioai?authSource=admin
2026-04-21 22:29:34 [32minfo[39m: 	Successfully connected to database mongodb://bioai_app:bioai_mongodb_pass@mongodb:27017/bioai?authSource=admin
2026-04-21 22:29:34 [32minfo[39m: 	HTTP production server up and running on port 5000 !
2026-04-21 22:29:34 [32minfo[39m: 	HTTP production server up and running on port 5000 !
2026-04-21 22:29:35 [32minfo[39m: 	Successfully connected to database mongodb://bioai_app:bioai_mongodb_pass@mongodb:27017/bioai?authSource=admin
2026-04-21 22:29:35 [32minfo[39m: 	HTTP CRON server up and running on port 5555 !
2026-04-21 22:29:35 [32minfo[39m: 	Successfully connected to database mongodb://bioai_app:bioai_mongodb_pass@mongodb:27017/bioai?authSource=admin
2026-04-21 22:29:35 [32minfo[39m: 	HTTP production server up and running on port 5000 !
2026-04-21 22:29:35 [32minfo[39m: 	Successfully connected to database mongodb://bioai_app:bioai_mongodb_pass@mongodb:27017/bioai?authSource=admin
2026-04-21 22:29:35 [32minfo[39m: 	HTTP production server up and running on port 5000 !
2026-04-21 22:29:37 [32minfo[39m: 	Successfully connected to database mongodb://bioai_app:bioai_mongodb_pass@mongodb:27017/bioai?authSource=admin
2026-04-21 22:29:37 [32minfo[39m: 	HTTP production server up and running on port 5000 !
2026-04-21 22:29:37 [32minfo[39m: 	Successfully connected to database mongodb://bioai_app:bioai_mongodb_pass@mongodb:27017/bioai?authSource=admin
2026-04-21 22:29:37 [32minfo[39m: 	HTTP production server up and running on port 5000 !
2026-04-21 22:32:37 [32minfo[39m: 	Successfully connected to database mongodb://bioai_app:bioai_mongodb_pass@mongodb:27017/bioai?authSource=admin
2026-04-21 22:32:37 [32minfo[39m: 	Successfully connected to database mongodb://bioai_app:bioai_mongodb_pass@mongodb:27017/bioai?authSource=admin
2026-04-21 22:32:37 [32minfo[39m: 	HTTP production server up and running on port 5000 !
2026-04-21 22:32:37 [32minfo[39m: 	HTTP production server up and running on port 5000 !
2026-04-21 22:32:37 [32minfo[39m: 	Successfully connected to database mongodb://bioai_app:bioai_mongodb_pass@mongodb:27017/bioai?authSource=admin
2026-04-21 22:32:37 [32minfo[39m: 	HTTP production server up and running on port 5000 !
2026-04-21 22:32:37 [32minfo[39m: 	Successfully connected to database mongodb://bioai_app:bioai_mongodb_pass@mongodb:27017/bioai?authSource=admin
2026-04-21 22:32:37 [32minfo[39m: 	HTTP production server up and running on port 5000 !
2026-04-21 22:32:38 [32minfo[39m: 	Successfully connected to database mongodb://bioai_app:bioai_mongodb_pass@mongodb:27017/bioai?authSource=admin
2026-04-21 22:32:38 [32minfo[39m: 	HTTP CRON server up and running on port 5555 !
2026-04-21 22:32:38 [32minfo[39m: 	Successfully connected to database mongodb://bioai_app:bioai_mongodb_pass@mongodb:27017/bioai?authSource=admin
2026-04-21 22:32:38 [32minfo[39m: 	HTTP production server up and running on port 5000 !
2026-04-21 22:32:38 [32minfo[39m: 	Successfully connected to database mongodb://bioai_app:bioai_mongodb_pass@mongodb:27017/bioai?authSource=admin
2026-04-21 22:32:38 [32minfo[39m: 	HTTP production server up and running on port 5000 !
2026-04-21 22:32:41 [32minfo[39m: 	Successfully connected to database mongodb://bioai_app:bioai_mongodb_pass@mongodb:27017/bioai?authSource=admin
2026-04-21 22:32:41 [32minfo[39m: 	HTTP production server up and running on port 5000 !
2026-04-21 22:32:41 [32minfo[39m: 	Successfully connected to database mongodb://bioai_app:bioai_mongodb_pass@mongodb:27017/bioai?authSource=admin
2026-04-21 22:32:41 [32minfo[39m: 	HTTP production server up and running on port 5000 !
2026-04-21 22:36:06 [32minfo[39m: 	Successfully connected to database mongodb://bioai_app:bioai_mongodb_pass@mongodb:27017/bioai?authSource=admin
2026-04-21 22:36:06 [32minfo[39m: 	Successfully connected to database mongodb://bioai_app:bioai_mongodb_pass@mongodb:27017/bioai?authSource=admin
2026-04-21 22:36:06 [32minfo[39m: 	HTTP production server up and running on port 5000 !
2026-04-21 22:36:06 [32minfo[39m: 	HTTP production server up and running on port 5000 !
2026-04-21 22:36:07 [32minfo[39m: 	Successfully connected to database mongodb://bioai_app:bioai_mongodb_pass@mongodb:27017/bioai?authSource=admin
2026-04-21 22:36:07 [32minfo[39m: 	HTTP production server up and running on port 5000 !
2026-04-21 22:36:07 [32minfo[39m: 	Successfully connected to database mongodb://bioai_app:bioai_mongodb_pass@mongodb:27017/bioai?authSource=admin
2026-04-21 22:36:07 [32minfo[39m: 	HTTP production server up and running on port 5000 !
2026-04-21 22:36:08 [32minfo[39m: 	Successfully connected to database mongodb://bioai_app:bioai_mongodb_pass@mongodb:27017/bioai?authSource=admin
2026-04-21 22:36:08 [32minfo[39m: 	HTTP CRON server up and running on port 5555 !
2026-04-21 22:36:08 [32minfo[39m: 	Successfully connected to database mongodb://bioai_app:bioai_mongodb_pass@mongodb:27017/bioai?authSource=admin
2026-04-21 22:36:08 [32minfo[39m: 	HTTP production server up and running on port 5000 !
2026-04-21 22:36:08 [32minfo[39m: 	Successfully connected to database mongodb://bioai_app:bioai_mongodb_pass@mongodb:27017/bioai?authSource=admin
2026-04-21 22:36:08 [32minfo[39m: 	HTTP production server up and running on port 5000 !
2026-04-21 22:36:10 [32minfo[39m: 	Successfully connected to database mongodb://bioai_app:bioai_mongodb_pass@mongodb:27017/bioai?authSource=admin
2026-04-21 22:36:10 [32minfo[39m: 	HTTP production server up and running on port 5000 !
2026-04-21 22:36:11 [32minfo[39m: 	Successfully connected to database mongodb://bioai_app:bioai_mongodb_pass@mongodb:27017/bioai?authSource=admin
2026-04-21 22:36:11 [32minfo[39m: 	HTTP production server up and running on port 5000 !
2026-04-21 22:39:16 [32minfo[39m: 	Successfully connected to database mongodb://bioai_app:bioai_mongodb_pass@mongodb:27017/bioai?authSource=admin
2026-04-21 22:39:16 [32minfo[39m: 	Successfully connected to database mongodb://bioai_app:bioai_mongodb_pass@mongodb:27017/bioai?authSource=admin
2026-04-21 22:39:16 [32minfo[39m: 	HTTP production server up and running on port 5000 !
2026-04-21 22:39:17 [32minfo[39m: 	HTTP production server up and running on port 5000 !
2026-04-21 22:39:17 [32minfo[39m: 	Successfully connected to database mongodb://bioai_app:bioai_mongodb_pass@mongodb:27017/bioai?authSource=admin
2026-04-21 22:39:17 [32minfo[39m: 	HTTP production server up and running on port 5000 !
2026-04-21 22:39:17 [32minfo[39m: 	Successfully connected to database mongodb://bioai_app:bioai_mongodb_pass@mongodb:27017/bioai?authSource=admin
2026-04-21 22:39:17 [32minfo[39m: 	HTTP production server up and running on port 5000 !
2026-04-21 22:39:18 [32minfo[39m: 	Successfully connected to database mongodb://bioai_app:bioai_mongodb_pass@mongodb:27017/bioai?authSource=admin
2026-04-21 22:39:18 [32minfo[39m: 	HTTP CRON server up and running on port 5555 !
2026-04-21 22:39:18 [32minfo[39m: 	Successfully connected to database mongodb://bioai_app:bioai_mongodb_pass@mongodb:27017/bioai?authSource=admin
2026-04-21 22:39:18 [32minfo[39m: 	HTTP production server up and running on port 5000 !
2026-04-21 22:39:18 [32minfo[39m: 	Successfully connected to database mongodb://bioai_app:bioai_mongodb_pass@mongodb:27017/bioai?authSource=admin
2026-04-21 22:39:19 [32minfo[39m: 	HTTP production server up and running on port 5000 !
2026-04-21 22:39:21 [32minfo[39m: 	Successfully connected to database mongodb://bioai_app:bioai_mongodb_pass@mongodb:27017/bioai?authSource=admin
2026-04-21 22:39:21 [32minfo[39m: 	HTTP production server up and running on port 5000 !
2026-04-21 22:39:21 [32minfo[39m: 	Successfully connected to database mongodb://bioai_app:bioai_mongodb_pass@mongodb:27017/bioai?authSource=admin
2026-04-21 22:39:21 [32minfo[39m: 	HTTP production server up and running on port 5000 !
2026-04-21 22:42:00 [32minfo[39m: 	Processing local request: r9RgpCYAqrqP4lh5
2026-04-21 22:42:00 [32minfo[39m: 	echo "/opt/bioai/pipeline/bioai_runner.py -i /ebioaid-edge/io/projects/r9RgpCYAqrqP4lh5/bioaiConf.json -o /ebioaid-edge/io/projects/r9RgpCYAqrqP4lh5/output/assayDesign" > /ebioaid-edge/io/projects/r9RgpCYAqrqP4lh5/cmd.txt && date > /ebioaid-edge/io/projects/r9RgpCYAqrqP4lh5/run_time.txt && /opt/bioai/pipeline/bioai_runner.py -i /ebioaid-edge/io/projects/r9RgpCYAqrqP4lh5/bioaiConf.json -o /ebioaid-edge/io/projects/r9RgpCYAqrqP4lh5/output/assayDesign && date >> /ebioaid-edge/io/projects/r9RgpCYAqrqP4lh5/run_time.txt && touch /ebioaid-edge/io/projects/r9RgpCYAqrqP4lh5/.done &
2026-04-21 22:42:00 [32minfo[39m: 	Started local job with PID: 193
