2026-04-17 00:17:45 [32minfo[39m: 	Successfully connected to database mongodb://bioai_app:bioai_mongodb_pass@mongodb:27017/bioai?authSource=admin
2026-04-17 00:17:45 [32minfo[39m: 	HTTP production server up and running on port 5000 !
2026-04-17 00:43:15 [32minfo[39m: 	Successfully connected to database mongodb://bioai_app:bioai_mongodb_pass@mongodb:27017/bioai?authSource=admin
2026-04-17 00:43:15 [32minfo[39m: 	HTTP production server up and running on port 5000 !
2026-04-17 00:43:17 [32minfo[39m: 	Successfully connected to database mongodb://bioai_app:bioai_mongodb_pass@mongodb:27017/bioai?authSource=admin
2026-04-17 00:43:17 [32minfo[39m: 	HTTP production server up and running on port 5000 !
2026-04-17 00:43:18 [32minfo[39m: 	Successfully connected to database mongodb://bioai_app:bioai_mongodb_pass@mongodb:27017/bioai?authSource=admin
2026-04-17 00:43:18 [32minfo[39m: 	HTTP production server up and running on port 5000 !
2026-04-17 00:44:20 [31merror[39m: 	ENOENT: no such file or directory, open '/ebioaid-edge/io/upload/files/KlpbEwhFQ5LT0fqL.fa'
2026-04-17 00:44:21 [32minfo[39m: 	Successfully connected to database mongodb://bioai_app:bioai_mongodb_pass@mongodb:27017/bioai?authSource=admin
2026-04-17 00:44:22 [32minfo[39m: 	HTTP production server up and running on port 5000 !
2026-04-17 00:44:45 [32minfo[39m: 	Successfully connected to database mongodb://bioai_app:bioai_mongodb_pass@mongodb:27017/bioai?authSource=admin
2026-04-17 00:44:45 [32minfo[39m: 	HTTP production server up and running on port 5000 !
2026-04-17 00:44:47 [32minfo[39m: 	Successfully connected to database mongodb://bioai_app:bioai_mongodb_pass@mongodb:27017/bioai?authSource=admin
2026-04-17 00:44:47 [32minfo[39m: 	HTTP production server up and running on port 5000 !
2026-04-17 00:44:57 [31merror[39m: 	ENOENT: no such file or directory, open '/ebioaid-edge/io/upload/files/zWaPrAulAZKjAaTG.fa'
2026-04-17 00:44:59 [32minfo[39m: 	Successfully connected to database mongodb://bioai_app:bioai_mongodb_pass@mongodb:27017/bioai?authSource=admin
2026-04-17 00:44:59 [32minfo[39m: 	HTTP production server up and running on port 5000 !
2026-04-17 00:45:15 [32minfo[39m: 	Successfully connected to database mongodb://bioai_app:bioai_mongodb_pass@mongodb:27017/bioai?authSource=admin
2026-04-17 00:45:15 [32minfo[39m: 	HTTP production server up and running on port 5000 !
2026-04-17 00:46:34 [31merror[39m: 	ENOENT: no such file or directory, open '/ebioaid-edge/io/upload/files/lvNq13qjj0gdfGCN.fa'
2026-04-17 00:46:35 [32minfo[39m: 	Successfully connected to database mongodb://bioai_app:bioai_mongodb_pass@mongodb:27017/bioai?authSource=admin
2026-04-17 00:46:35 [32minfo[39m: 	HTTP production server up and running on port 5000 !
2026-04-17 00:46:45 [32minfo[39m: 	Successfully connected to database mongodb://bioai_app:bioai_mongodb_pass@mongodb:27017/bioai?authSource=admin
2026-04-17 00:46:45 [32minfo[39m: 	HTTP production server up and running on port 5000 !
2026-04-17 00:47:24 [31merror[39m: 	ENOENT: no such file or directory, open '/ebioaid-edge/io/upload/files/yzAsIln6Vb56qZiV.fa'
2026-04-17 00:47:26 [32minfo[39m: 	Successfully connected to database mongodb://bioai_app:bioai_mongodb_pass@mongodb:27017/bioai?authSource=admin
2026-04-17 00:47:26 [32minfo[39m: 	HTTP production server up and running on port 5000 !
2026-04-17 00:51:45 [32minfo[39m: 	Successfully connected to database mongodb://bioai_app:bioai_mongodb_pass@mongodb:27017/bioai?authSource=admin
2026-04-17 00:51:45 [32minfo[39m: 	HTTP production server up and running on port 5000 !
2026-04-17 04:27:00 [32minfo[39m: 	Successfully connected to database mongodb://bioai_app:bioai_mongodb_pass@mongodb:27017/bioai?authSource=admin
2026-04-17 04:27:00 [32minfo[39m: 	Successfully connected to database mongodb://bioai_app:bioai_mongodb_pass@mongodb:27017/bioai?authSource=admin
2026-04-17 04:27:00 [32minfo[39m: 	Successfully connected to database mongodb://bioai_app:bioai_mongodb_pass@mongodb:27017/bioai?authSource=admin
2026-04-17 04:27:00 [32minfo[39m: 	HTTP production server up and running on port 5000 !
2026-04-17 04:27:00 [32minfo[39m: 	Successfully connected to database mongodb://bioai_app:bioai_mongodb_pass@mongodb:27017/bioai?authSource=admin
2026-04-17 04:27:00 [32minfo[39m: 	HTTP production server up and running on port 5000 !
2026-04-17 04:27:00 [32minfo[39m: 	HTTP production server up and running on port 5000 !
2026-04-17 04:27:00 [32minfo[39m: 	HTTP production server up and running on port 5000 !
2026-04-17 04:27:01 [32minfo[39m: 	Successfully connected to database mongodb://bioai_app:bioai_mongodb_pass@mongodb:27017/bioai?authSource=admin
2026-04-17 04:27:01 [32minfo[39m: 	HTTP production server up and running on port 5000 !
2026-04-17 04:27:01 [32minfo[39m: 	Successfully connected to database mongodb://bioai_app:bioai_mongodb_pass@mongodb:27017/bioai?authSource=admin
2026-04-17 04:27:01 [32minfo[39m: 	HTTP CRON server up and running on port 5555 !
2026-04-17 04:27:01 [32minfo[39m: 	Successfully connected to database mongodb://bioai_app:bioai_mongodb_pass@mongodb:27017/bioai?authSource=admin
2026-04-17 04:27:01 [32minfo[39m: 	HTTP production server up and running on port 5000 !
2026-04-17 04:27:03 [32minfo[39m: 	Successfully connected to database mongodb://bioai_app:bioai_mongodb_pass@mongodb:27017/bioai?authSource=admin
2026-04-17 04:27:03 [32minfo[39m: 	HTTP production server up and running on port 5000 !
2026-04-17 04:27:03 [32minfo[39m: 	Successfully connected to database mongodb://bioai_app:bioai_mongodb_pass@mongodb:27017/bioai?authSource=admin
2026-04-17 04:27:03 [32minfo[39m: 	HTTP production server up and running on port 5000 !
2026-04-17 07:10:02 [32minfo[39m: 	Successfully connected to database mongodb://bioai_app:bioai_mongodb_pass@mongodb:27017/bioai?authSource=admin
2026-04-17 07:10:02 [32minfo[39m: 	HTTP production server up and running on port 5000 !
2026-04-17 07:36:02 [32minfo[39m: 	Successfully connected to database mongodb://bioai_app:bioai_mongodb_pass@mongodb:27017/bioai?authSource=admin
2026-04-17 07:36:02 [32minfo[39m: 	HTTP production server up and running on port 5000 !
2026-04-17 07:38:32 [32minfo[39m: 	Successfully connected to database mongodb://bioai_app:bioai_mongodb_pass@mongodb:27017/bioai?authSource=admin
2026-04-17 07:38:32 [32minfo[39m: 	HTTP production server up and running on port 5000 !
2026-04-17 08:48:03 [32minfo[39m: 	Successfully connected to database mongodb://bioai_app:bioai_mongodb_pass@mongodb:27017/bioai?authSource=admin
2026-04-17 08:48:03 [32minfo[39m: 	HTTP production server up and running on port 5000 !
2026-04-17 10:42:34 [32minfo[39m: 	Successfully connected to database mongodb://bioai_app:bioai_mongodb_pass@mongodb:27017/bioai?authSource=admin
2026-04-17 10:42:34 [32minfo[39m: 	HTTP production server up and running on port 5000 !
2026-04-17 10:46:04 [32minfo[39m: 	Successfully connected to database mongodb://bioai_app:bioai_mongodb_pass@mongodb:27017/bioai?authSource=admin
2026-04-17 10:46:04 [32minfo[39m: 	HTTP production server up and running on port 5000 !
2026-04-17 10:51:04 [32minfo[39m: 	Successfully connected to database mongodb://bioai_app:bioai_mongodb_pass@mongodb:27017/bioai?authSource=admin
2026-04-17 10:51:04 [32minfo[39m: 	HTTP production server up and running on port 5000 !
2026-04-17 12:21:35 [32minfo[39m: 	Successfully connected to database mongodb://bioai_app:bioai_mongodb_pass@mongodb:27017/bioai?authSource=admin
2026-04-17 12:21:35 [32minfo[39m: 	HTTP production server up and running on port 5000 !
2026-04-17 13:38:06 [32minfo[39m: 	Successfully connected to database mongodb://bioai_app:bioai_mongodb_pass@mongodb:27017/bioai?authSource=admin
2026-04-17 13:38:06 [32minfo[39m: 	HTTP production server up and running on port 5000 !
2026-04-17 14:04:37 [32minfo[39m: 	Successfully connected to database mongodb://bioai_app:bioai_mongodb_pass@mongodb:27017/bioai?authSource=admin
2026-04-17 14:04:37 [32minfo[39m: 	HTTP production server up and running on port 5000 !
2026-04-17 14:06:37 [32minfo[39m: 	Successfully connected to database mongodb://bioai_app:bioai_mongodb_pass@mongodb:27017/bioai?authSource=admin
2026-04-17 14:06:37 [32minfo[39m: 	HTTP production server up and running on port 5000 !
2026-04-17 15:24:08 [32minfo[39m: 	Successfully connected to database mongodb://bioai_app:bioai_mongodb_pass@mongodb:27017/bioai?authSource=admin
2026-04-17 15:24:08 [32minfo[39m: 	HTTP production server up and running on port 5000 !
2026-04-17 16:47:39 [32minfo[39m: 	Successfully connected to database mongodb://bioai_app:bioai_mongodb_pass@mongodb:27017/bioai?authSource=admin
2026-04-17 16:47:39 [32minfo[39m: 	HTTP production server up and running on port 5000 !
2026-04-17 17:18:39 [32minfo[39m: 	Successfully connected to database mongodb://bioai_app:bioai_mongodb_pass@mongodb:27017/bioai?authSource=admin
2026-04-17 17:18:39 [32minfo[39m: 	HTTP production server up and running on port 5000 !
2026-04-17 17:33:39 [32minfo[39m: 	Successfully connected to database mongodb://bioai_app:bioai_mongodb_pass@mongodb:27017/bioai?authSource=admin
2026-04-17 17:33:40 [32minfo[39m: 	HTTP production server up and running on port 5000 !
2026-04-17 19:14:40 [32minfo[39m: 	Successfully connected to database mongodb://bioai_app:bioai_mongodb_pass@mongodb:27017/bioai?authSource=admin
2026-04-17 19:14:40 [32minfo[39m: 	HTTP production server up and running on port 5000 !
2026-04-17 20:02:41 [32minfo[39m: 	Successfully connected to database mongodb://bioai_app:bioai_mongodb_pass@mongodb:27017/bioai?authSource=admin
2026-04-17 20:02:41 [32minfo[39m: 	HTTP production server up and running on port 5000 !
2026-04-17 20:25:41 [32minfo[39m: 	Successfully connected to database mongodb://bioai_app:bioai_mongodb_pass@mongodb:27017/bioai?authSource=admin
2026-04-17 20:25:41 [32minfo[39m: 	HTTP production server up and running on port 5000 !
2026-04-17 20:48:12 [32minfo[39m: 	Successfully connected to database mongodb://bioai_app:bioai_mongodb_pass@mongodb:27017/bioai?authSource=admin
2026-04-17 20:48:12 [32minfo[39m: 	HTTP production server up and running on port 5000 !
2026-04-17 21:49:43 [32minfo[39m: 	Successfully connected to database mongodb://bioai_app:bioai_mongodb_pass@mongodb:27017/bioai?authSource=admin
2026-04-17 21:49:43 [32minfo[39m: 	HTTP production server up and running on port 5000 !
2026-04-17 21:50:43 [32minfo[39m: 	Successfully connected to database mongodb://bioai_app:bioai_mongodb_pass@mongodb:27017/bioai?authSource=admin
2026-04-17 21:50:43 [32minfo[39m: 	HTTP production server up and running on port 5000 !
2026-04-17 21:50:44 [32minfo[39m: 	Successfully connected to database mongodb://bioai_app:bioai_mongodb_pass@mongodb:27017/bioai?authSource=admin
2026-04-17 21:50:44 [32minfo[39m: 	HTTP production server up and running on port 5000 !
2026-04-17 21:50:46 [32minfo[39m: 	Successfully connected to database mongodb://bioai_app:bioai_mongodb_pass@mongodb:27017/bioai?authSource=admin
2026-04-17 21:50:46 [32minfo[39m: 	HTTP production server up and running on port 5000 !
2026-04-17 21:51:13 [32minfo[39m: 	Successfully connected to database mongodb://bioai_app:bioai_mongodb_pass@mongodb:27017/bioai?authSource=admin
2026-04-17 21:51:13 [32minfo[39m: 	HTTP production server up and running on port 5000 !
2026-04-17 21:51:42 [32minfo[39m: 	Successfully connected to database mongodb://bioai_app:bioai_mongodb_pass@mongodb:27017/bioai?authSource=admin
2026-04-17 21:51:43 [32minfo[39m: 	HTTP production server up and running on port 5000 !
2026-04-17 21:52:00 [32minfo[39m: 	Processing local request: quNQKQS8FJnykPIp
2026-04-17 21:52:00 [32minfo[39m: 	echo "/opt/bioai/pipeline/bioai_runner.py -i /ebioaid-edge/io/projects/quNQKQS8FJnykPIp/bioaiConf.json -o /ebioaid-edge/io/projects/quNQKQS8FJnykPIp/output/assayDesign" > /ebioaid-edge/io/projects/quNQKQS8FJnykPIp/cmd.txt && date > /ebioaid-edge/io/projects/quNQKQS8FJnykPIp/run_time.txt && /opt/bioai/pipeline/bioai_runner.py -i /ebioaid-edge/io/projects/quNQKQS8FJnykPIp/bioaiConf.json -o /ebioaid-edge/io/projects/quNQKQS8FJnykPIp/output/assayDesign && date >> /ebioaid-edge/io/projects/quNQKQS8FJnykPIp/run_time.txt && touch /ebioaid-edge/io/projects/quNQKQS8FJnykPIp/.done &
2026-04-17 21:52:00 [32minfo[39m: 	Started local job with PID: 495
2026-04-17 22:30:13 [32minfo[39m: 	Successfully connected to database mongodb://bioai_app:bioai_mongodb_pass@mongodb:27017/bioai?authSource=admin
2026-04-17 22:30:13 [32minfo[39m: 	HTTP production server up and running on port 5000 !
2026-04-17 22:43:13 [32minfo[39m: 	Successfully connected to database mongodb://bioai_app:bioai_mongodb_pass@mongodb:27017/bioai?authSource=admin
2026-04-17 22:43:13 [32minfo[39m: 	HTTP production server up and running on port 5000 !
2026-04-17 22:43:43 [32minfo[39m: 	Successfully connected to database mongodb://bioai_app:bioai_mongodb_pass@mongodb:27017/bioai?authSource=admin
2026-04-17 22:43:43 [32minfo[39m: 	HTTP production server up and running on port 5000 !
2026-04-17 22:44:13 [32minfo[39m: 	Successfully connected to database mongodb://bioai_app:bioai_mongodb_pass@mongodb:27017/bioai?authSource=admin
2026-04-17 22:44:13 [32minfo[39m: 	HTTP production server up and running on port 5000 !
2026-04-17 22:53:43 [32minfo[39m: 	Successfully connected to database mongodb://bioai_app:bioai_mongodb_pass@mongodb:27017/bioai?authSource=admin
2026-04-17 22:53:43 [32minfo[39m: 	HTTP production server up and running on port 5000 !
2026-04-17 22:54:13 [32minfo[39m: 	Successfully connected to database mongodb://bioai_app:bioai_mongodb_pass@mongodb:27017/bioai?authSource=admin
2026-04-17 22:54:13 [32minfo[39m: 	HTTP production server up and running on port 5000 !
2026-04-17 22:56:00 [32minfo[39m: 	Processing local request: vUXDzakEVGc42fKp
2026-04-17 22:56:00 [32minfo[39m: 	echo "/opt/bioai/pipeline/bioai_runner.py -i /ebioaid-edge/io/projects/vUXDzakEVGc42fKp/bioaiConf.json -o /ebioaid-edge/io/projects/vUXDzakEVGc42fKp/output/assayDesign" > /ebioaid-edge/io/projects/vUXDzakEVGc42fKp/cmd.txt && date > /ebioaid-edge/io/projects/vUXDzakEVGc42fKp/run_time.txt && /opt/bioai/pipeline/bioai_runner.py -i /ebioaid-edge/io/projects/vUXDzakEVGc42fKp/bioaiConf.json -o /ebioaid-edge/io/projects/vUXDzakEVGc42fKp/output/assayDesign && date >> /ebioaid-edge/io/projects/vUXDzakEVGc42fKp/run_time.txt && touch /ebioaid-edge/io/projects/vUXDzakEVGc42fKp/.done &
2026-04-17 22:56:00 [32minfo[39m: 	Started local job with PID: 878
2026-04-17 22:58:13 [32minfo[39m: 	Successfully connected to database mongodb://bioai_app:bioai_mongodb_pass@mongodb:27017/bioai?authSource=admin
2026-04-17 22:58:13 [32minfo[39m: 	HTTP production server up and running on port 5000 !
2026-04-17 23:00:43 [32minfo[39m: 	Successfully connected to database mongodb://bioai_app:bioai_mongodb_pass@mongodb:27017/bioai?authSource=admin
2026-04-17 23:00:43 [32minfo[39m: 	HTTP production server up and running on port 5000 !
2026-04-17 23:04:13 [32minfo[39m: 	Successfully connected to database mongodb://bioai_app:bioai_mongodb_pass@mongodb:27017/bioai?authSource=admin
2026-04-17 23:04:13 [32minfo[39m: 	HTTP production server up and running on port 5000 !
2026-04-17 23:04:43 [32minfo[39m: 	Successfully connected to database mongodb://bioai_app:bioai_mongodb_pass@mongodb:27017/bioai?authSource=admin
2026-04-17 23:04:43 [32minfo[39m: 	HTTP production server up and running on port 5000 !
2026-04-17 23:34:13 [32minfo[39m: 	Successfully connected to database mongodb://bioai_app:bioai_mongodb_pass@mongodb:27017/bioai?authSource=admin
2026-04-17 23:34:13 [32minfo[39m: 	HTTP production server up and running on port 5000 !
2026-04-17 23:39:13 [32minfo[39m: 	Successfully connected to database mongodb://bioai_app:bioai_mongodb_pass@mongodb:27017/bioai?authSource=admin
2026-04-17 23:39:13 [32minfo[39m: 	HTTP production server up and running on port 5000 !
